Importing modules...

[TEST 1] Connecting to Chroma...
python : Traceback (most recent call last):
At line:1 char:92
+ ... ces Pvt Ltd\Desktop\AceBuddy-RAG"; python direct_test.py 2>&1 | tee t ...
+                                        ~~~~~~~~~~~~~~~~~~~~~~~~~~
    + CategoryInfo          : NotSpecified: (Traceback (most recent call last)::String) [], RemoteException
    + FullyQualifiedErrorId : NativeCommandError
 
  File "C:\Users\aryan.gupta\OneDrive - Real Time Data Services Pvt Ltd\Desktop\AceBuddy-RAG\direct_test.py", line 27, in 
<module>
    print(f"\u2705 Connected! Collection has {count} documents\n")
  File "C:\Users\aryan.gupta\AppData\Local\Programs\Python\Python312\Lib\encodings\cp1252.py", line 19, in encode
    return codecs.charmap_encode(input,self.errors,encoding_table)[0]
           ^^^^^^^^^^^^^^^^^^^^^^^^^^^^^^^^^^^^^^^^^^^^^^^^^^^^^^^
UnicodeEncodeError: 'charmap' codec can't encode character '\u2705' in position 0: character maps to <undefined>

During handling of the above exception, another exception occurred:

Traceback (most recent call last):
  File "C:\Users\aryan.gupta\OneDrive - Real Time Data Services Pvt Ltd\Desktop\AceBuddy-RAG\direct_test.py", line 99, in 
<module>
    print(f"\u274c Error: {e}")
  File "C:\Users\aryan.gupta\AppData\Local\Programs\Python\Python312\Lib\encodings\cp1252.py", line 19, in encode
    return codecs.charmap_encode(input,self.errors,encoding_table)[0]
           ^^^^^^^^^^^^^^^^^^^^^^^^^^^^^^^^^^^^^^^^^^^^^^^^^^^^^^^
UnicodeEncodeError: 'charmap' codec can't encode character '\u274c' in position 0: character maps to <undefined>
